// Jest Snapshot v1, https://goo.gl/fbAQLP

exports[`Connect matches snapshot 1`] = `
<div>
  <Switch>
    <BreadcrumbRoute
      component={
        Object {
          "$$typeof": Symbol(react.memo),
          "WrappedComponent": [Function],
          "compare": null,
          "type": [Function],
        }
      }
      exact={true}
      path="/ui/clusters/:clusterName/connectors"
    />
    <BreadcrumbRoute
      component={[Function]}
      exact={true}
      path="/ui/clusters/:clusterName/connectors/create-new"
    />
    <BreadcrumbRoute
      component={[Function]}
      exact={true}
      path="/ui/clusters/:clusterName/connects/:connectName/connectors/:connectorName/edit"
    />
    <BreadcrumbRoute
      component={[Function]}
      path="/ui/clusters/:clusterName/connects/:connectName/connectors/:connectorName"
    />
  </Switch>
</div>
`;
