// Jest Snapshot v1, https://goo.gl/fbAQLP

exports[`Dropdown matches snapshot 1`] = `
.c1 {
  background: transparent;
  border: none;
  display: -webkit-box;
  display: -webkit-flex;
  display: -ms-flexbox;
  display: flex;
  -webkit-align-items: 'center';
  -webkit-box-align: 'center';
  -ms-flex-align: 'center';
  align-items: 'center';
  -webkit-box-pack: 'center';
  -webkit-justify-content: 'center';
  -ms-flex-pack: 'center';
  justify-content: 'center';
}

.c1:hover {
  cursor: pointer;
}

.c0 {
  display: -webkit-box;
  display: -webkit-flex;
  display: -ms-flexbox;
  display: flex;
  -webkit-align-self: center;
  -ms-flex-item-align: center;
  align-self: center;
}

<Dropdown
  label="My Test Label"
  right={true}
  up={true}
>
  <div
    className="dropdown is-right is-up"
  >
    <styled.div>
      <div
        className="c0"
      >
        <Styled(DropdownTrigger)
          onClick={[Function]}
        >
          <DropdownTrigger
            className="c1"
            onClick={[Function]}
          >
            <button
              aria-controls="dropdown-menu"
              aria-haspopup="true"
              className="c1"
              onClick={[Function]}
              type="button"
            >
              My Test Label
            </button>
          </DropdownTrigger>
        </Styled(DropdownTrigger)>
      </div>
    </styled.div>
    <div
      className="dropdown-menu"
      id="dropdown-menu"
      role="menu"
    >
      <div
        className="dropdown-content has-text-left"
      >
        <DropdownItem
          onClick={[MockFunction]}
        >
          <a
            className="dropdown-item is-link"
            href="#end"
            onClick={[Function]}
            role="menuitem"
            type="button"
          >
            Child 1
          </a>
        </DropdownItem>
        <DropdownItem
          onClick={[MockFunction]}
        >
          <a
            className="dropdown-item is-link"
            href="#end"
            onClick={[Function]}
            role="menuitem"
            type="button"
          >
            Child 2
          </a>
        </DropdownItem>
        <DropdownDivider>
          <hr
            className="dropdown-divider"
          />
        </DropdownDivider>
        <DropdownItem
          onClick={[MockFunction]}
        >
          <a
            className="dropdown-item is-link"
            href="#end"
            onClick={[Function]}
            role="menuitem"
            type="button"
          >
            Child 3
          </a>
        </DropdownItem>
      </div>
    </div>
  </div>
</Dropdown>
`;
