// Jest Snapshot v1, https://goo.gl/fbAQLP

exports[`Connectors ListItem matches snapshot 1`] = `
.c4 {
  display: -webkit-box;
  display: -webkit-flex;
  display: -ms-flexbox;
  display: flex;
  -webkit-align-self: center;
  -ms-flex-item-align: center;
  align-self: center;
}

.c5 {
  background: transparent;
  border: none;
  display: -webkit-box;
  display: -webkit-flex;
  display: -ms-flexbox;
  display: flex;
  -webkit-align-items: 'center';
  -webkit-box-align: 'center';
  -ms-flex-align: 'center';
  align-items: 'center';
  -webkit-box-pack: 'center';
  -webkit-justify-content: 'center';
  -ms-flex-pack: 'center';
  justify-content: 'center';
}

.c5:hover {
  cursor: pointer;
}

.c6 {
  color: #E51A1A;
}

.c2 {
  border: none;
  border-radius: 16px;
  height: 20px;
  line-height: 20px;
  background-color: #F1F2F3;
  color: #171A1C;
  font-size: 12px;
  display: inline-block;
  padding-left: 0.75em;
  padding-right: 0.75em;
  text-align: center;
}

.c3 {
  border: none;
  border-radius: 16px;
  height: 20px;
  line-height: 20px;
  background-color: #D6F5E0;
  color: #171A1C;
  font-size: 12px;
  display: inline-block;
  padding-left: 0.75em;
  padding-right: 0.75em;
  text-align: center;
}

.c0 > a {
  color: normal:#171A1C;
  font-weight: 500;
  text-overflow: ellipsis;
}

.c1 {
  display: -webkit-box;
  display: -webkit-flex;
  display: -ms-flexbox;
  display: flex;
  -webkit-flex-wrap: wrap;
  -ms-flex-wrap: wrap;
  flex-wrap: wrap;
}

<Component
  theme={
    Object {
      "alert": Object {
        "color": Object {
          "error": "#FAD1D1",
          "info": "#E3E6E8",
          "success": "#D6F5E0",
          "warning": "#FFEECC",
        },
        "shadow": "rgba(0, 0, 0, 0.1)",
      },
      "breadcrumb": "#ABB5BA",
      "button": Object {
        "border": Object {
          "active": "#171A1C",
          "hover": "#454F54",
          "normal": "#73848C",
        },
        "danger": Object {
          "backgroundColor": Object {
            "active": "#B81414",
            "disabled": "#F5A3A3",
            "hover": "#CF1717",
            "normal": "#E51A1A",
          },
          "color": "#171A1C",
          "invertedColors": Object {
            "active": "#1717CF",
            "hover": "#1717CF",
            "normal": "#4C4CFF",
          },
        },
        "fontSize": Object {
          "L": "16px",
          "M": "14px",
          "S": "14px",
        },
        "height": Object {
          "L": "40px",
          "M": "32px",
          "S": "24px",
        },
        "primary": Object {
          "backgroundColor": Object {
            "active": "#A3A3F5",
            "disabled": "#F1F2F3",
            "hover": "#D1D1FA",
            "normal": "#E8E8FC",
          },
          "color": "#171A1C",
          "invertedColors": Object {
            "active": "#1717CF",
            "hover": "#1717CF",
            "normal": "#4C4CFF",
          },
        },
        "secondary": Object {
          "backgroundColor": Object {
            "active": "#D5DADD",
            "hover": "#E3E6E8",
            "normal": "#F1F2F3",
          },
          "color": "#171A1C",
          "invertedColors": Object {
            "active": "#171A1C",
            "hover": "#454F54",
            "normal": "#73848C",
          },
        },
      },
      "circularAlert": Object {
        "color": Object {
          "error": "#E51A1A",
          "info": "#E3E6E8",
          "success": "#5CD685",
          "warning": "#FFEECC",
        },
      },
      "configList": Object {
        "color": "#ABB5BA",
      },
      "connectEditWarning": "#FFEECC",
      "consumerTopicContent": Object {
        "backgroundColor": "#F1F2F3",
      },
      "dangerZone": Object {
        "borderColor": "#E3E6E8",
        "color": "#E51A1A",
      },
      "dropdown": Object {
        "color": "#E51A1A",
      },
      "heading": Object {
        "h1": Object {
          "color": "#171A1C",
        },
        "h3": Object {
          "color": "#73848C",
          "fontSize": "14px",
        },
      },
      "icons": Object {
        "closeIcon": "#ABB5BA",
        "liveIcon": Object {
          "circleBig": "#FAD1D1",
          "circleSmall": "#E51A1A",
        },
        "messageToggleIcon": Object {
          "active": "#1717CF",
          "hover": "#A3A3F5",
          "normal": "#4C4CFF",
        },
        "verticalElipsisIcon": "#73848C",
        "warningIcon": "#FFDD57",
      },
      "input": Object {
        "backgroundColor": Object {
          "readOnly": "#F1F2F3",
        },
        "borderColor": Object {
          "disabled": "#E3E6E8",
          "focus": "#454F54",
          "hover": "#73848C",
          "normal": "#ABB5BA",
        },
        "color": Object {
          "disabled": "#ABB5BA",
          "placeholder": Object {
            "normal": "#ABB5BA",
            "readOnly": "#ABB5BA",
          },
          "readOnly": "#171A1C",
        },
        "error": "#E51A1A",
        "icon": Object {
          "color": "#454F54",
        },
        "label": Object {
          "color": "#454F54",
        },
      },
      "layout": Object {
        "minWidth": "1200px",
        "navBarHeight": "3.25rem",
        "navBarWidth": "201px",
        "overlay": Object {
          "backgroundColor": "#73848C",
        },
        "stuffBorderColor": "#E3E6E8",
        "stuffColor": "#F1F2F3",
      },
      "menu": Object {
        "backgroundColor": Object {
          "active": "#F1F2F3",
          "hover": "#F9FAFA",
          "normal": "#FFFFFF",
        },
        "chevronIconColor": "#73848C",
        "color": Object {
          "active": "#1414B8",
          "hover": "#454F54",
          "isOpen": "#171A1C",
          "normal": "#73848C",
        },
        "statusIconColor": Object {
          "offline": "#E51A1A",
          "online": "#5CD685",
        },
      },
      "metrics": Object {
        "backgroundColor": "#F1F2F3",
        "filters": Object {
          "color": Object {
            "icon": "#171A1C",
            "normal": "#73848C",
          },
        },
        "indicator": Object {
          "backgroundColor": "#FFFFFF",
          "lightTextColor": "#ABB5BA",
          "titleColor": "#73848C",
          "warningTextColor": "#E51A1A",
        },
      },
      "modal": Object {
        "backgroundColor": "#FFFFFF",
        "border": Object {
          "bottom": "#F1F2F3",
          "top": "#F1F2F3",
        },
        "overlay": "rgba(10, 10, 10, 0.1)",
        "shadow": "rgba(0, 0, 0, 0.1)",
      },
      "pageLoader": Object {
        "borderBottomColor": "#FFFFFF",
        "borderColor": "#4C4CFF",
      },
      "pagination": Object {
        "backgroundColor": "#FFFFFF",
        "borderColor": Object {
          "active": "#454F54",
          "disabled": "#C7CED1",
          "hover": "#73848C",
          "normal": "#ABB5BA",
        },
        "color": Object {
          "active": "#171A1C",
          "disabled": "#C7CED1",
          "hover": "#171A1C",
          "normal": "#171A1C",
        },
        "currentPage": "#E3E6E8",
      },
      "panelColor": "#FFFFFF",
      "primaryTab": Object {
        "borderColor": Object {
          "active": "#4C4CFF",
          "hover": "transparent",
          "nav": "#E3E6E8",
          "normal": "transparent",
        },
        "color": Object {
          "active": "#171A1C",
          "hover": "#171A1C",
          "normal": "#73848C",
        },
      },
      "schema": Object {
        "backgroundColor": Object {
          "div": "#FFFFFF",
          "tr": "#F1F2F3",
        },
      },
      "scrollbar": Object {
        "thumbColor": Object {
          "active": "#73848C",
          "normal": "#FFFFFF",
        },
        "trackColor": Object {
          "active": "#F1F2F3",
          "normal": "#FFFFFF",
        },
      },
      "secondaryTab": Object {
        "backgroundColor": Object {
          "active": "#E3E6E8",
          "hover": "#F1F2F3",
          "normal": "#FFFFFF",
        },
        "color": Object {
          "active": "#171A1C",
          "hover": "#171A1C",
          "normal": "#73848C",
        },
      },
      "select": Object {
        "backgroundColor": Object {
          "active": "#E3E6E8",
          "hover": "#E3E6E8",
          "normal": "#FFFFFF",
        },
        "borderColor": Object {
          "active": "#454F54",
          "disabled": "#E3E6E8",
          "hover": "#73848C",
          "normal": "#ABB5BA",
        },
        "color": Object {
          "active": "#171A1C",
          "disabled": "#ABB5BA",
          "hover": "#171A1C",
          "normal": "#171A1C",
        },
        "optionList": Object {
          "scrollbar": Object {
            "backgroundColor": "#ABB5BA",
          },
        },
      },
      "switch": Object {
        "checked": "#4C4CFF",
        "circle": "#FFFFFF",
        "disabled": "#E3E6E8",
        "unchecked": "#A3A3F5",
      },
      "table": Object {
        "link": Object {
          "color": Object {
            "normal": "#171A1C",
          },
        },
        "td": Object {
          "color": Object {
            "normal": "#171A1C",
          },
        },
        "th": Object {
          "backgroundColor": Object {
            "normal": "#FFFFFF",
          },
          "color": Object {
            "active": "#4C4CFF",
            "hover": "#4C4CFF",
            "normal": "#73848C",
          },
          "previewColor": Object {
            "normal": "#4C4CFF",
          },
        },
        "tr": Object {
          "backgroundColor": Object {
            "hover": "#F1F2F3",
          },
        },
      },
      "tag": Object {
        "backgroundColor": Object {
          "blue": "#e3f2fd",
          "gray": "#F1F2F3",
          "green": "#D6F5E0",
          "red": "#FAD1D1",
          "white": "#E3E6E8",
          "yellow": "#FFEECC",
        },
        "color": "#171A1C",
      },
      "textArea": Object {
        "backgroundColor": Object {
          "readOnly": "#F1F2F3",
        },
        "borderColor": Object {
          "disabled": "#E3E6E8",
          "focus": "#454F54",
          "hover": "#73848C",
          "normal": "#ABB5BA",
        },
        "color": Object {
          "disabled": "#ABB5BA",
          "placeholder": Object {
            "focus": Object {
              "normal": "transparent",
              "readOnly": "#ABB5BA",
            },
            "normal": "#ABB5BA",
          },
          "readOnly": "#171A1C",
        },
      },
      "topicFormLabel": Object {
        "color": "#73848C",
      },
      "topicMetaData": Object {
        "backgroundColor": "#F1F2F3",
        "color": Object {
          "label": "#73848C",
          "meta": "#ABB5BA",
          "value": "#2F3639",
        },
      },
      "topicsList": Object {
        "backgroundColor": Object {
          "active": "#E3E6E8",
          "hover": "#F1F2F3",
        },
        "color": Object {
          "active": "#171A1C",
          "hover": "#73848C",
          "normal": "#171A1C",
        },
      },
      "version": Object {
        "currentVersion": Object {
          "color": "#ABB5BA",
        },
        "symbolWrapper": Object {
          "color": "#ABB5BA",
        },
      },
      "viewer": Object {
        "wrapper": "#F9FAFA",
      },
    }
  }
>
  <Provider
    store={
      Object {
        "@@observable": [Function],
        "dispatch": [Function],
        "getState": [Function],
        "replaceReducer": [Function],
        "subscribe": [Function],
      }
    }
  >
    <BrowserRouter>
      <Router
        history={
          Object {
            "action": "POP",
            "block": [Function],
            "createHref": [Function],
            "go": [Function],
            "goBack": [Function],
            "goForward": [Function],
            "length": 1,
            "listen": [Function],
            "location": Object {
              "hash": "",
              "pathname": "/",
              "search": "",
              "state": undefined,
            },
            "push": [Function],
            "replace": [Function],
          }
        }
      >
        <table>
          <tbody>
            <ListItem
              clusterName="local"
              connector={
                Object {
                  "connect": "first",
                  "connectorClass": "FileStreamSource",
                  "failedTasksCount": 0,
                  "name": "hdfs-source-connector",
                  "status": Object {
                    "state": "RUNNING",
                  },
                  "tasksCount": 2,
                  "topics": Array [
                    "test-topic",
                  ],
                  "type": "SOURCE",
                }
              }
            >
              <tr>
                <styled.td>
                  <td
                    className="c0"
                  >
                    <NavLink
                      exact={true}
                      to="/clusters/local/connects/first/connectors/hdfs-source-connector"
                    >
                      <Link
                        aria-current={null}
                        to={
                          Object {
                            "hash": "",
                            "pathname": "/clusters/local/connects/first/connectors/hdfs-source-connector",
                            "search": "",
                            "state": null,
                          }
                        }
                      >
                        <LinkAnchor
                          aria-current={null}
                          href="/clusters/local/connects/first/connectors/hdfs-source-connector"
                          navigate={[Function]}
                        >
                          <a
                            aria-current={null}
                            href="/clusters/local/connects/first/connectors/hdfs-source-connector"
                            onClick={[Function]}
                          >
                            hdfs-source-connector
                          </a>
                        </LinkAnchor>
                      </Link>
                    </NavLink>
                  </td>
                </styled.td>
                <td>
                  first
                </td>
                <td>
                  SOURCE
                </td>
                <td>
                  FileStreamSource
                </td>
                <td>
                  <styled.div>
                    <div
                      className="c1"
                    >
                      <styled.p
                        color="gray"
                        key="test-topic"
                      >
                        <p
                          className="c2"
                          color="gray"
                        >
                          <Link
                            to="/clusters/local/topics/test-topic"
                          >
                            <LinkAnchor
                              href="/clusters/local/topics/test-topic"
                              navigate={[Function]}
                            >
                              <a
                                href="/clusters/local/topics/test-topic"
                                onClick={[Function]}
                              >
                                test-topic
                              </a>
                            </LinkAnchor>
                          </Link>
                        </p>
                      </styled.p>
                    </div>
                  </styled.div>
                </td>
                <td>
                  <styled.p
                    color="green"
                  >
                    <p
                      className="c3"
                      color="green"
                    >
                      RUNNING
                    </p>
                  </styled.p>
                </td>
                <td>
                  <span>
                    2
                     of 
                    2
                  </span>
                </td>
                <td>
                  <div>
                    <Dropdown
                      label={<VerticalElipsisIcon />}
                      right={true}
                    >
                      <div
                        className="dropdown is-right"
                      >
                        <styled.div>
                          <div
                            className="c4"
                          >
                            <styled.button
                              onClick={[Function]}
                            >
                              <button
                                className="c5"
                                onClick={[Function]}
                                type="button"
                              >
                                <VerticalElipsisIcon>
                                  <svg
                                    fill="none"
                                    height="16"
                                    viewBox="0 0 4 16"
                                    width="4"
                                    xmlns="http://www.w3.org/2000/svg"
                                  >
                                    <path
                                      d="M2 4C3.1 4 4 3.1 4 2C4 0.9 3.1 0 2 0C0.9 0 0 0.9 0 2C0 3.1 0.9 4 2 4ZM2 6C0.9 6 0 6.9 0 8C0 9.1 0.9 10 2 10C3.1 10 4 9.1 4 8C4 6.9 3.1 6 2 6ZM2 12C0.9 12 0 12.9 0 14C0 15.1 0.9 16 2 16C3.1 16 4 15.1 4 14C4 12.9 3.1 12 2 12Z"
                                      fill="#73848C"
                                    />
                                  </svg>
                                </VerticalElipsisIcon>
                              </button>
                            </styled.button>
                          </div>
                        </styled.div>
                        <div
                          className="dropdown-menu"
                          id="dropdown-menu"
                          role="menu"
                        >
                          <div
                            className="dropdown-content has-text-left"
                          >
                            <DropdownDivider>
                              <hr
                                className="dropdown-divider"
                              />
                            </DropdownDivider>
                            <DropdownItem
                              danger={true}
                              onClick={[Function]}
                            >
                              <styled.a
                                $isDanger={true}
                                className="dropdown-item is-link"
                                onClick={[Function]}
                              >
                                <a
                                  className="c6 dropdown-item is-link"
                                  href="#end"
                                  onClick={[Function]}
                                  role="menuitem"
                                  type="button"
                                >
                                  Remove Connector
                                </a>
                              </styled.a>
                            </DropdownItem>
                          </div>
                        </div>
                      </div>
                    </Dropdown>
                  </div>
                  <mock-ConfirmationModal
                    isOpen={false}
                    onCancel={[Function]}
                    onConfirm={[Function]}
                  >
                    Are you sure want to remove 
                    <b>
                      hdfs-source-connector
                    </b>
                     connector?
                  </mock-ConfirmationModal>
                </td>
              </tr>
            </ListItem>
          </tbody>
        </table>
      </Router>
    </BrowserRouter>
  </Provider>
</Component>
`;
