// Jest Snapshot v1, https://goo.gl/fbAQLP

exports[`LatestVersionItem matches snapshot 1`] = `
<styled.div>
  <div>
    <h1>
      Relevant version
    </h1>
    <JSONViewer
      data="{\\"type\\":\\"record\\",\\"name\\":\\"MyRecord1\\",\\"namespace\\":\\"com.mycompany\\",\\"fields\\":[{\\"name\\":\\"id\\",\\"type\\":\\"long\\"}]}"
    />
  </div>
  <div
    data-testid="meta-data"
  >
    <div>
      <styled.h3>
        Latest version
      </styled.h3>
      <p>
        1
      </p>
    </div>
    <div>
      <styled.h3>
        ID
      </styled.h3>
      <p>
        1
      </p>
    </div>
    <div>
      <styled.h3>
        Subject
      </styled.h3>
      <p>
        test
      </p>
    </div>
    <div>
      <styled.h3>
        Compatibility
      </styled.h3>
      <p>
        BACKWARD
      </p>
    </div>
  </div>
</styled.div>
`;
