// Jest Snapshot v1, https://goo.gl/fbAQLP

exports[`CustomParamSelect matches snapshot 1`] = `
<Memo(CustomParamSelect)
  existingFields={
    Array [
      "leader.replication.throttled.replicas",
      "segment.index.bytes",
      "message.timestamp.difference.max.ms",
    ]
  }
  index="1"
  isDisabled={true}
  name="my_custom_param"
  onNameChange={[MockFunction]}
>
  <label
    className="label"
  >
    Custom Parameter
  </label>
  <div
    className="select is-block"
  >
    <select
      defaultValue="my_custom_param"
      disabled={true}
      name="1[name]"
      onBlur={[Function]}
      onChange={[Function]}
    >
      <option
        value=""
      >
        Select
      </option>
      <option
        disabled={false}
        key="compression.type"
        value="compression.type"
      >
        compression.type
      </option>
      <option
        disabled={true}
        key="leader.replication.throttled.replicas"
        value="leader.replication.throttled.replicas"
      >
        leader.replication.throttled.replicas
      </option>
      <option
        disabled={false}
        key="message.downconversion.enable"
        value="message.downconversion.enable"
      >
        message.downconversion.enable
      </option>
      <option
        disabled={false}
        key="segment.jitter.ms"
        value="segment.jitter.ms"
      >
        segment.jitter.ms
      </option>
      <option
        disabled={false}
        key="flush.ms"
        value="flush.ms"
      >
        flush.ms
      </option>
      <option
        disabled={false}
        key="follower.replication.throttled.replicas"
        value="follower.replication.throttled.replicas"
      >
        follower.replication.throttled.replicas
      </option>
      <option
        disabled={false}
        key="segment.bytes"
        value="segment.bytes"
      >
        segment.bytes
      </option>
      <option
        disabled={false}
        key="flush.messages"
        value="flush.messages"
      >
        flush.messages
      </option>
      <option
        disabled={false}
        key="message.format.version"
        value="message.format.version"
      >
        message.format.version
      </option>
      <option
        disabled={false}
        key="file.delete.delay.ms"
        value="file.delete.delay.ms"
      >
        file.delete.delay.ms
      </option>
      <option
        disabled={false}
        key="max.compaction.lag.ms"
        value="max.compaction.lag.ms"
      >
        max.compaction.lag.ms
      </option>
      <option
        disabled={false}
        key="min.compaction.lag.ms"
        value="min.compaction.lag.ms"
      >
        min.compaction.lag.ms
      </option>
      <option
        disabled={false}
        key="message.timestamp.type"
        value="message.timestamp.type"
      >
        message.timestamp.type
      </option>
      <option
        disabled={false}
        key="preallocate"
        value="preallocate"
      >
        preallocate
      </option>
      <option
        disabled={false}
        key="min.cleanable.dirty.ratio"
        value="min.cleanable.dirty.ratio"
      >
        min.cleanable.dirty.ratio
      </option>
      <option
        disabled={false}
        key="index.interval.bytes"
        value="index.interval.bytes"
      >
        index.interval.bytes
      </option>
      <option
        disabled={false}
        key="unclean.leader.election.enable"
        value="unclean.leader.election.enable"
      >
        unclean.leader.election.enable
      </option>
      <option
        disabled={false}
        key="retention.bytes"
        value="retention.bytes"
      >
        retention.bytes
      </option>
      <option
        disabled={false}
        key="delete.retention.ms"
        value="delete.retention.ms"
      >
        delete.retention.ms
      </option>
      <option
        disabled={false}
        key="segment.ms"
        value="segment.ms"
      >
        segment.ms
      </option>
      <option
        disabled={true}
        key="message.timestamp.difference.max.ms"
        value="message.timestamp.difference.max.ms"
      >
        message.timestamp.difference.max.ms
      </option>
      <option
        disabled={true}
        key="segment.index.bytes"
        value="segment.index.bytes"
      >
        segment.index.bytes
      </option>
    </select>
    <p
      className="help is-danger"
    >
      <Component
        errors={Object {}}
        name="1[name]"
      />
    </p>
  </div>
</Memo(CustomParamSelect)>
`;
