// Jest Snapshot v1, https://goo.gl/fbAQLP

exports[`ClusterMenuItem matches the snapshot 1`] = `
.c0 {
  font-size: 14px;
  font-weight: normal;
  height: 32px;
  display: -webkit-box;
  display: -webkit-flex;
  display: -ms-flexbox;
  display: flex;
  -webkit-user-select: none;
  -moz-user-select: none;
  -ms-user-select: none;
  user-select: none;
}

.c0 a {
  width: 100%;
  padding: 0.5em 0.75em;
  cursor: pointer;
  -webkit-text-decoration: none;
  text-decoration: none;
  margin: 0px 0px;
  background-color: #FFFFFF;
  color: #73848C;
}

.c0 a:hover {
  background-color: #F1F2F3;
  color: #73848C;
}

.c0 a.is-active {
  background-color: #E3E6E8;
  color: #171A1C;
}

<StaticRouter>
  <Router
    history={
      Object {
        "action": "POP",
        "block": [Function],
        "createHref": [Function],
        "go": [Function],
        "goBack": [Function],
        "goForward": [Function],
        "listen": [Function],
        "location": Object {
          "hash": "",
          "pathname": "/",
          "search": "",
          "state": undefined,
        },
        "push": [Function],
        "replace": [Function],
      }
    }
    staticContext={Object {}}
  >
    <ClusterMenuItem
      to="/test"
    >
      <styled.li
        to="/test"
      >
        <li
          className="c0"
          to="/test"
        >
          <NavLink
            to="/test"
          >
            <Link
              aria-current={null}
              to={
                Object {
                  "hash": "",
                  "pathname": "/test",
                  "search": "",
                  "state": null,
                }
              }
            >
              <LinkAnchor
                aria-current={null}
                href="/test"
                navigate={[Function]}
              >
                <a
                  aria-current={null}
                  href="/test"
                  onClick={[Function]}
                />
              </LinkAnchor>
            </Link>
          </NavLink>
        </li>
      </styled.li>
    </ClusterMenuItem>
  </Router>
</StaticRouter>
`;
