// Jest Snapshot v1, https://goo.gl/fbAQLP

exports[`Details view matches snapshot 1`] = `
.c1 {
  display: -webkit-box;
  display: -webkit-flex;
  display: -ms-flexbox;
  display: flex;
  border-bottom: 1px #E3E6E8 solid;
}

.c1 a {
  height: 40px;
  width: 96px;
  display: -webkit-box;
  display: -webkit-flex;
  display: -ms-flexbox;
  display: flex;
  -webkit-box-pack: center;
  -webkit-justify-content: center;
  -ms-flex-pack: center;
  justify-content: center;
  -webkit-align-items: center;
  -webkit-box-align: center;
  -ms-flex-align: center;
  align-items: center;
  font-weight: 500;
  font-size: 14px;
  color: #73848C;
  border-bottom: 1px transparent solid;
}

.c1 a.is-active {
  border-bottom: 1px #4C4CFF solid;
  color: #171A1C;
}

.c1 a:hover:not(.is-active) {
  border-bottom: 1px transparent solid;
  color: #171A1C;
}

.c0 {
  height: 56px;
  display: -webkit-box;
  display: -webkit-flex;
  display: -ms-flexbox;
  display: flex;
  -webkit-box-pack: justify;
  -webkit-justify-content: space-between;
  -ms-flex-pack: justify;
  justify-content: space-between;
  -webkit-align-items: center;
  -webkit-box-align: center;
  -ms-flex-align: center;
  align-items: center;
  padding: 0px 16px;
}

.c0 h1 {
  font-size: 24px;
  font-weight: 500;
  line-height: 32px;
  color: #171A1C;
}

.c0 > div {
  display: -webkit-box;
  display: -webkit-flex;
  display: -ms-flexbox;
  display: flex;
  gap: 16px;
}

<div>
  <div
    className="c0"
  >
    <h1>
      my-connector
    </h1>
    <div>
      <mock-ActionsContainer />
    </div>
  </div>
  <nav
    className="c1"
    role="navigation"
  >
    <a
      aria-current="page"
      className="is-active"
      href="/clusters/my-cluster/connects/my-connect/connectors/my-connector"
      onClick={[Function]}
      style={Object {}}
    >
      Overview
    </a>
    <a
      aria-current={null}
      href="/clusters/my-cluster/connects/my-connect/connectors/my-connector/tasks"
      onClick={[Function]}
    >
      Tasks
    </a>
    <a
      aria-current={null}
      href="/clusters/my-cluster/connects/my-connect/connectors/my-connector/config"
      onClick={[Function]}
    >
      Config
    </a>
  </nav>
  <mock-OverviewContainer
    history={
      Object {
        "action": "POP",
        "block": [Function],
        "canGo": [Function],
        "createHref": [Function],
        "entries": Array [
          Object {
            "hash": "",
            "key": "test",
            "pathname": "/clusters/my-cluster/connects/my-connect/connectors/my-connector",
            "search": "",
          },
        ],
        "go": [Function],
        "goBack": [Function],
        "goForward": [Function],
        "index": 0,
        "length": 1,
        "listen": [Function],
        "location": Object {
          "hash": "",
          "key": "test",
          "pathname": "/clusters/my-cluster/connects/my-connect/connectors/my-connector",
          "search": "",
        },
        "push": [Function],
        "replace": [Function],
      }
    }
    location={
      Object {
        "hash": "",
        "key": "test",
        "pathname": "/clusters/my-cluster/connects/my-connect/connectors/my-connector",
        "search": "",
      }
    }
    match={
      Object {
        "isExact": true,
        "params": Object {
          "clusterName": "my-cluster",
          "connectName": "my-connect",
          "connectorName": "my-connector",
        },
        "path": "/clusters/:clusterName/connects/:connectName/connectors/:connectorName",
        "url": "/clusters/my-cluster/connects/my-connect/connectors/my-connector",
      }
    }
  />
</div>
`;

exports[`Details view matches snapshot when fetching connector 1`] = `<mock-PageLoader />`;

exports[`Details view matches snapshot when fetching tasks 1`] = `<mock-PageLoader />`;
