// Jest Snapshot v1, https://goo.gl/fbAQLP

exports[`Tabs component matches the snapshot 1`] = `
<Fragment>
  <div
    className="tabs"
  >
    <ul>
      <li
        className="is-active"
        key="Tab 1"
      >
        <a
          onClick={[Function]}
          onKeyDown={[Function]}
          role="button"
          tabIndex={0}
        >
          Tab 1
        </a>
      </li>
      <li
        className=""
        key="Tab 2"
      >
        <a
          onClick={[Function]}
          onKeyDown={[Function]}
          role="button"
          tabIndex={1}
        >
          Tab 2
        </a>
      </li>
      <li
        className=""
        key="Tab 3"
      >
        <a
          onClick={[Function]}
          onKeyDown={[Function]}
          role="button"
          tabIndex={2}
        >
          Tab 3
        </a>
      </li>
    </ul>
  </div>
  <div
    className="child_1"
    key=".0"
  />
</Fragment>
`;
