// Jest Snapshot v1, https://goo.gl/fbAQLP

exports[`Indicator matches the snapshot 1`] = `
<Styled(Indicator)
  label="label"
  title="title"
>
  <Indicator
    className="sc-bdfBQB eGAtcZ"
    label="label"
    title="title"
  >
    <div
      className="sc-bdfBQB eGAtcZ"
    >
      <div
        title="title"
      >
        <p
          className="is-size-8"
        >
          label
        </p>
        Child
      </div>
    </div>
  </Indicator>
</Styled(Indicator)>
`;
