// Jest Snapshot v1, https://goo.gl/fbAQLP

exports[`Indicator matches the snapshot 1`] = `
<Indicator
  label="label"
  title="title"
>
  <styled.div>
    <div
      className="sc-bdfBQB VjToN"
    >
      <div
        title="title"
      >
        <div
          className="indicator-label"
        >
          label
           
        </div>
        Child
      </div>
    </div>
  </styled.div>
</Indicator>
`;
