// Jest Snapshot v1, https://goo.gl/fbAQLP

exports[`App view matches snapshot 1`] = `
<Provider
  store={
    Object {
      "@@observable": [Function],
      "dispatch": [Function],
      "getState": [Function],
      "replaceReducer": [Function],
      "subscribe": [Function],
    }
  }
>
  <StaticRouter>
    <Router
      history={
        Object {
          "action": "POP",
          "block": [Function],
          "createHref": [Function],
          "go": [Function],
          "goBack": [Function],
          "goForward": [Function],
          "listen": [Function],
          "location": Object {
            "hash": "",
            "pathname": "/",
            "search": "",
            "state": undefined,
          },
          "push": [Function],
          "replace": [Function],
        }
      }
      staticContext={Object {}}
    >
      <App
        alerts={Array []}
        clusters={Array []}
        fetchClustersList={
          [MockFunction] {
            "calls": Array [
              Array [],
            ],
            "results": Array [
              Object {
                "type": "return",
                "value": undefined,
              },
            ],
          }
        }
        isClusterListFetched={true}
      >
        <Component
          theme={
            Object {
              "buttonStyles": Object {
                "fontSize": Object {
                  "L": "16px",
                  "M": "14px",
                  "S": "14px",
                },
                "height": Object {
                  "L": "40px",
                  "M": "32px",
                  "S": "24px",
                },
                "primary": Object {
                  "backgroundColor": Object {
                    "active": "#1414B8",
                    "hover": "#1717CF",
                    "normal": "#4F4FFF",
                  },
                  "color": "#FFFFFF",
                  "invertedColors": Object {
                    "active": "#1414B8",
                    "hover": "#1717CF",
                    "normal": "#4F4FFF",
                  },
                },
                "secondary": Object {
                  "backgroundColor": Object {
                    "active": "#D5DADD",
                    "hover": "#E3E6E8",
                    "normal": "#F1F2F3",
                  },
                  "color": "#171A1C",
                  "invertedColors": Object {
                    "active": "#171A1C",
                    "hover": "#454F54",
                    "normal": "#73848C",
                  },
                },
              },
              "menuStyles": Object {
                "backgroundColor": Object {
                  "active": "#E3E6E8",
                  "hover": "#F1F2F3",
                  "normal": "#FFFFFF",
                },
                "color": Object {
                  "active": "#171A1C",
                  "hover": "#73848C",
                  "normal": "#73848C",
                },
              },
              "paginationStyles": Object {
                "borderColor": Object {
                  "active": "#454F54",
                  "disabled": "#C7CED1",
                  "hover": "#73848C",
                  "normal": "#ABB5BA",
                },
                "color": Object {
                  "active": "#171A1C",
                  "disabled": "#C7CED1",
                  "hover": "#171A1C",
                  "normal": "#171A1C",
                },
              },
              "primaryTabStyles": Object {
                "borderColor": Object {
                  "active": "#4F4FFF",
                  "hover": "transparent",
                  "normal": "transparent",
                },
                "color": Object {
                  "active": "#171A1C",
                  "hover": "#171A1C",
                  "normal": "#73848C",
                },
              },
              "secondaryTabStyles": Object {
                "backgroundColor": Object {
                  "active": "#E3E6E8",
                  "hover": "#F1F2F3",
                  "normal": "#FFFFFF",
                },
                "color": Object {
                  "active": "#171A1C",
                  "hover": "#171A1C",
                  "normal": "#73848C",
                },
              },
              "selectStyles": Object {
                "borderColor": Object {
                  "active": "#454F54",
                  "disabled": "#E3E6E8",
                  "hover": "#73848C",
                  "normal": "#ABB5BA",
                },
                "color": Object {
                  "active": "#171A1C",
                  "disabled": "#ABB5BA",
                  "hover": "#171A1C",
                  "normal": "#171A1C",
                },
              },
              "tagStyles": Object {
                "backgroundColor": Object {
                  "gray": "#E3E6E8",
                  "green": "#D6F5E0",
                  "yellow": "#FFEECC",
                },
                "color": "#171A1C",
              },
              "thStyles": Object {
                "backgroundColor": Object {
                  "normal": "#FFFFFF",
                },
                "color": Object {
                  "normal": "#73848C",
                },
                "previewColor": Object {
                  "normal": "#4F4FFF",
                },
              },
            }
          }
        >
          <div
            className="Layout"
          >
            <nav
              aria-label="main navigation"
              className="navbar is-fixed-top is-white Layout__header"
              role="navigation"
            >
              <div
                className="navbar-brand"
              >
                <div
                  className="navbar-burger ml-0"
                  onClick={[Function]}
                  onKeyDown={[Function]}
                  role="button"
                  tabIndex={0}
                >
                  <span />
                  <span />
                  <span />
                </div>
                <a
                  className="navbar-item title is-5 is-marginless"
                  href="/ui"
                >
                  UI for Apache Kafka
                </a>
                <div
                  className="navbar-item"
                >
                  <Version />
                </div>
              </div>
            </nav>
            <main
              className="Layout__container"
            >
              <div
                className="Layout__sidebar has-shadow has-background-white"
              >
                <Styled(Nav)
                  clusters={Array []}
                  isClusterListFetched={true}
                >
                  <Nav
                    className="sc-hKgJUU dAOeGn"
                    clusters={Array []}
                    isClusterListFetched={true}
                  >
                    <aside
                      className="has-shadow has-background-white sc-hKgJUU dAOeGn"
                    >
                      <ul>
                        <ClusterMenuItem
                          activeClassName="is-active"
                          exact={true}
                          isTopLevel={true}
                          title="Dashboard"
                          to="/ui"
                        >
                          <StyledMenuItem
                            isTopLevel={true}
                            to="/ui"
                          >
                            <li
                              className="sc-bdfBQB dLgsMO"
                              to="/ui"
                            >
                              <NavLink
                                activeClassName="is-active"
                                exact={true}
                                title="Dashboard"
                                to="/ui"
                              >
                                <Link
                                  aria-current={null}
                                  title="Dashboard"
                                  to={
                                    Object {
                                      "hash": "",
                                      "pathname": "/ui",
                                      "search": "",
                                      "state": null,
                                    }
                                  }
                                >
                                  <LinkAnchor
                                    aria-current={null}
                                    href="/ui"
                                    navigate={[Function]}
                                    title="Dashboard"
                                  >
                                    <a
                                      aria-current={null}
                                      href="/ui"
                                      onClick={[Function]}
                                      title="Dashboard"
                                    >
                                      Dashboard
                                    </a>
                                  </LinkAnchor>
                                </Link>
                              </NavLink>
                            </li>
                          </StyledMenuItem>
                        </ClusterMenuItem>
                      </ul>
                    </aside>
                  </Nav>
                </Styled(Nav)>
              </div>
              <div
                aria-hidden="true"
                className="Layout__sidebarOverlay is-overlay"
                onClick={[Function]}
                onKeyDown={[Function]}
                tabIndex={-1}
              />
              <Breadcrumb />
              <Switch>
                <Route
                  component={[Function]}
                  computedMatch={
                    Object {
                      "isExact": true,
                      "params": Object {},
                      "path": "/",
                      "url": "/",
                    }
                  }
                  exact={true}
                  location={
                    Object {
                      "hash": "",
                      "pathname": "/",
                      "search": "",
                      "state": undefined,
                    }
                  }
                  path={
                    Array [
                      "/",
                      "/ui",
                      "/ui/clusters",
                    ]
                  }
                >
                  <Dashboard
                    history={
                      Object {
                        "action": "POP",
                        "block": [Function],
                        "createHref": [Function],
                        "go": [Function],
                        "goBack": [Function],
                        "goForward": [Function],
                        "listen": [Function],
                        "location": Object {
                          "hash": "",
                          "pathname": "/",
                          "search": "",
                          "state": undefined,
                        },
                        "push": [Function],
                        "replace": [Function],
                      }
                    }
                    location={
                      Object {
                        "hash": "",
                        "pathname": "/",
                        "search": "",
                        "state": undefined,
                      }
                    }
                    match={
                      Object {
                        "isExact": true,
                        "params": Object {},
                        "path": "/",
                        "url": "/",
                      }
                    }
                    staticContext={Object {}}
                  >
                    <div
                      className="section"
                    >
                      <Connect(ClustersWidget)>
                        <ClustersWidget
                          clusters={Array []}
                          dispatch={[Function]}
                          offlineClusters={Array []}
                          onlineClusters={Array []}
                        >
                          <div>
                            <styled.div>
                              <div
                                className="sc-gKseQn XXMOX"
                              >
                                <MetricsWrapper>
                                  <styled.div>
                                    <div
                                      className="sc-eCstlR gOlRWK"
                                    >
                                      <div
                                        className="indicatorsWrapper"
                                      >
                                        <Indicator
                                          label={
                                            <Styled(Tag)
                                              color="green"
                                              text="Online"
                                            />
                                          }
                                        >
                                          <styled.div>
                                            <div
                                              className="sc-jSgvzq BMRZr"
                                            >
                                              <div>
                                                <div
                                                  className="indicator-label"
                                                >
                                                  <Styled(Tag)
                                                    color="green"
                                                    text="Online"
                                                  >
                                                    <Tag
                                                      className="sc-iBPTik chMDkL"
                                                      color="green"
                                                      text="Online"
                                                    >
                                                      <p
                                                        className="sc-iBPTik chMDkL"
                                                      >
                                                        Online
                                                      </p>
                                                    </Tag>
                                                  </Styled(Tag)>
                                                   
                                                </div>
                                                <span
                                                  data-testid="onlineCount"
                                                >
                                                  0
                                                </span>
                                                 
                                                <span
                                                  style={
                                                    Object {
                                                      "color": "#ABB5BA",
                                                      "fontSize": 14,
                                                    }
                                                  }
                                                >
                                                  cluster
                                                </span>
                                              </div>
                                            </div>
                                          </styled.div>
                                        </Indicator>
                                        <Indicator
                                          label={
                                            <Styled(Tag)
                                              color="gray"
                                              text="Offline"
                                            />
                                          }
                                        >
                                          <styled.div>
                                            <div
                                              className="sc-jSgvzq BMRZr"
                                            >
                                              <div>
                                                <div
                                                  className="indicator-label"
                                                >
                                                  <Styled(Tag)
                                                    color="gray"
                                                    text="Offline"
                                                  >
                                                    <Tag
                                                      className="sc-iBPTik HCCUz"
                                                      color="gray"
                                                      text="Offline"
                                                    >
                                                      <p
                                                        className="sc-iBPTik HCCUz"
                                                      >
                                                        Offline
                                                      </p>
                                                    </Tag>
                                                  </Styled(Tag)>
                                                   
                                                </div>
                                                <span
                                                  data-testid="offlineCount"
                                                >
                                                  0
                                                </span>
                                                 
                                                <span
                                                  style={
                                                    Object {
                                                      "color": "#ABB5BA",
                                                      "fontSize": 14,
                                                    }
                                                  }
                                                >
                                                  cluster
                                                </span>
                                              </div>
                                            </div>
                                          </styled.div>
                                        </Indicator>
                                      </div>
                                    </div>
                                  </styled.div>
                                </MetricsWrapper>
                              </div>
                            </styled.div>
                            <div
                              className="p-4"
                            >
                              <input
                                checked={false}
                                className="switch is-rounded"
                                id="switchRoundedDefault"
                                name="switchRoundedDefault"
                                onChange={[Function]}
                                type="checkbox"
                              />
                              <label
                                htmlFor="switchRoundedDefault"
                              />
                              <span
                                className="is-size-7"
                              >
                                Only offline clusters
                              </span>
                            </div>
                          </div>
                        </ClustersWidget>
                      </Connect(ClustersWidget)>
                    </div>
                  </Dashboard>
                </Route>
              </Switch>
            </main>
            <div
              className="Layout__alerts"
            />
          </div>
        </Component>
      </App>
    </Router>
  </StaticRouter>
</Provider>
`;
