// Jest Snapshot v1, https://goo.gl/fbAQLP

exports[`Details when it has readonly flag does not render the Action button a Topic 1`] = `
.c0 {
  height: 56px;
  display: -webkit-box;
  display: -webkit-flex;
  display: -ms-flexbox;
  display: flex;
  -webkit-box-pack: justify;
  -webkit-justify-content: space-between;
  -ms-flex-pack: justify;
  justify-content: space-between;
  -webkit-align-items: center;
  -webkit-box-align: center;
  -ms-flex-align: center;
  align-items: center;
  padding: 0px 16px;
}

.c0 h1 {
  font-size: 24px;
  font-weight: 500;
  line-height: 32px;
  color: #000;
}

.c0 > div {
  display: -webkit-box;
  display: -webkit-flex;
  display: -ms-flexbox;
  display: flex;
  gap: 16px;
}

.c2 {
  display: -webkit-box;
  display: -webkit-flex;
  display: -ms-flexbox;
  display: flex;
  border-bottom: 1px #E3E6E8 solid;
}

.c2 a {
  height: 40px;
  width: 96px;
  display: -webkit-box;
  display: -webkit-flex;
  display: -ms-flexbox;
  display: flex;
  -webkit-box-pack: center;
  -webkit-justify-content: center;
  -ms-flex-pack: center;
  justify-content: center;
  -webkit-align-items: center;
  -webkit-box-align: center;
  -ms-flex-align: center;
  align-items: center;
  font-weight: 500;
  font-size: 14px;
  color: #73848C;
  border-bottom: 1px transparent solid;
}

.c2 a.is-active {
  border-bottom: 1px #4F4FFF solid;
  color: #171A1C;
}

.c2 a:hover:not(.is-active) {
  border-bottom: 1px transparent solid;
  color: #171A1C;
}

.c1 {
  display: -webkit-box;
  display: -webkit-flex;
  display: -ms-flexbox;
  display: flex;
  -webkit-box-pack: end;
  -webkit-justify-content: flex-end;
  -ms-flex-pack: end;
  justify-content: flex-end;
  -webkit-align-self: center;
  -ms-flex-item-align: center;
  align-self: center;
  gap: 26px;
}

<Component
  theme={
    Object {
      "alert": Object {
        "color": Object {
          "error": "#FAD1D1",
          "info": "#E3E6E8",
          "success": "#D6F5E0",
          "warning": "#FFEECC",
        },
      },
      "buttonStyles": Object {
        "fontSize": Object {
          "L": "16px",
          "M": "14px",
          "S": "14px",
        },
        "height": Object {
          "L": "40px",
          "M": "32px",
          "S": "24px",
        },
        "primary": Object {
          "backgroundColor": Object {
            "active": "#1414B8",
            "hover": "#1717CF",
            "normal": "#4F4FFF",
          },
          "color": "#FFFFFF",
          "invertedColors": Object {
            "active": "#1414B8",
            "hover": "#1717CF",
            "normal": "#4F4FFF",
          },
        },
        "secondary": Object {
          "backgroundColor": Object {
            "active": "#D5DADD",
            "hover": "#E3E6E8",
            "normal": "#F1F2F3",
          },
          "color": "#171A1C",
          "invertedColors": Object {
            "active": "#171A1C",
            "hover": "#454F54",
            "normal": "#73848C",
          },
        },
      },
      "circularAlert": Object {
        "color": Object {
          "error": "#E51A1A",
          "info": "#E3E6E8",
          "success": "#5CD685",
          "warning": "#FFEECC",
        },
      },
      "headingStyles": Object {
        "h3": Object {
          "color": "#73848C",
          "fontSize": "14px",
        },
      },
      "layout": Object {
        "mainColor": "#F1F2F3",
        "minWidth": "1200px",
        "navBarHeight": "3.25rem",
        "navBarWidth": "201px",
      },
      "menuStyles": Object {
        "backgroundColor": Object {
          "active": "#E3E6E8",
          "hover": "#F1F2F3",
          "normal": "#FFFFFF",
        },
        "chevronIconColor": "#73848C",
        "color": Object {
          "active": "#171A1C",
          "hover": "#73848C",
          "normal": "#73848C",
        },
        "statusIconColor": Object {
          "offline": "#E51A1A",
          "online": "#5CD685",
        },
      },
      "metrics": Object {
        "backgroundColor": "#F1F2F3",
        "indicator": Object {
          "backgroundColor": "#FFFFFF",
          "lightTextColor": "#ABB5BA",
          "titleColor": "#73848C",
          "warningTextColor": "#E51A1A",
        },
      },
      "pageLoader": Object {
        "borderBottomColor": "#FFFFFF",
        "borderColor": "#4F4FFF",
      },
      "paginationStyles": Object {
        "backgroundColor": "#FFFFFF",
        "borderColor": Object {
          "active": "#454F54",
          "disabled": "#C7CED1",
          "hover": "#73848C",
          "normal": "#ABB5BA",
        },
        "color": Object {
          "active": "#171A1C",
          "disabled": "#C7CED1",
          "hover": "#171A1C",
          "normal": "#171A1C",
        },
        "currentPage": "#E3E6E8",
      },
      "panelColor": "#FFFFFF",
      "primaryTabStyles": Object {
        "borderColor": Object {
          "active": "#4F4FFF",
          "hover": "transparent",
          "normal": "transparent",
        },
        "color": Object {
          "active": "#171A1C",
          "hover": "#171A1C",
          "normal": "#73848C",
        },
      },
      "scrollbar": Object {
        "thumbColor": Object {
          "active": "#73848C",
          "normal": "#FFFFFF",
        },
        "trackColor": Object {
          "active": "#F1F2F3",
          "normal": "#FFFFFF",
        },
      },
      "secondaryTabStyles": Object {
        "backgroundColor": Object {
          "active": "#E3E6E8",
          "hover": "#F1F2F3",
          "normal": "#FFFFFF",
        },
        "color": Object {
          "active": "#171A1C",
          "hover": "#171A1C",
          "normal": "#73848C",
        },
      },
      "selectStyles": Object {
        "backgroundColor": Object {
          "active": "#E3E6E8",
          "hover": "#E3E6E8",
          "normal": "#FFFFFF",
        },
        "borderColor": Object {
          "active": "#454F54",
          "disabled": "#E3E6E8",
          "hover": "#73848C",
          "normal": "#ABB5BA",
        },
        "color": Object {
          "active": "#171A1C",
          "disabled": "#ABB5BA",
          "hover": "#171A1C",
          "normal": "#171A1C",
        },
      },
      "switch": Object {
        "checked": "#29A352",
        "unchecked": "#ABB5BA",
      },
      "tagStyles": Object {
        "backgroundColor": Object {
          "blue": "#e3f2fd",
          "gray": "#F1F2F3",
          "green": "#D6F5E0",
          "red": "#FAD1D1",
          "white": "#E3E6E8",
          "yellow": "#FFEECC",
        },
        "color": "#171A1C",
      },
      "thStyles": Object {
        "backgroundColor": Object {
          "normal": "#FFFFFF",
        },
        "color": Object {
          "active": "#4F4FFF",
          "hover": "#4F4FFF",
          "normal": "#73848C",
        },
        "previewColor": Object {
          "normal": "#4F4FFF",
        },
      },
    }
  }
>
  <Provider
    store={
      Object {
        "@@observable": [Function],
        "dispatch": [Function],
        "getState": [Function],
        "replaceReducer": [Function],
        "subscribe": [Function],
      }
    }
  >
    <StaticRouter>
      <Router
        history={
          Object {
            "action": "POP",
            "block": [Function],
            "createHref": [Function],
            "go": [Function],
            "goBack": [Function],
            "goForward": [Function],
            "listen": [Function],
            "location": Object {
              "hash": "",
              "pathname": "/",
              "search": "",
              "state": undefined,
            },
            "push": [Function],
            "replace": [Function],
          }
        }
        staticContext={Object {}}
      >
        <Details
          clearTopicMessages={[MockFunction]}
          clusterName="local"
          deleteTopic={[MockFunction]}
          isDeleted={false}
          isInternal={true}
          name="__internal.topic"
          topicName="__internal.topic"
        >
          <div>
            <Styled(PageHeading)
              text="__internal.topic"
            >
              <PageHeading
                className="c0"
                text="__internal.topic"
              >
                <div
                  className="c0"
                >
                  <h1>
                    __internal.topic
                  </h1>
                  <div>
                    <styled.div>
                      <div
                        className="c1"
                      >
                        <Route
                          exact={true}
                          path="/ui/clusters/:clusterName/topics/:topicName/messages"
                        />
                      </div>
                    </styled.div>
                  </div>
                </div>
              </PageHeading>
            </Styled(PageHeading)>
            <ConfirmationModal
              isOpen={false}
              onCancel={[Function]}
              onConfirm={[Function]}
            />
            <ConfirmationModal
              isOpen={false}
              onCancel={[Function]}
              onConfirm={[Function]}
            />
            <styled.nav
              role="navigation"
            >
              <nav
                className="c2"
                role="navigation"
              >
                <NavLink
                  activeClassName="is-active is-primary"
                  exact={true}
                  to="/ui/clusters/local/topics/__internal.topic"
                >
                  <Link
                    aria-current={null}
                    to={
                      Object {
                        "hash": "",
                        "pathname": "/ui/clusters/local/topics/__internal.topic",
                        "search": "",
                        "state": null,
                      }
                    }
                  >
                    <LinkAnchor
                      aria-current={null}
                      href="/ui/clusters/local/topics/__internal.topic"
                      navigate={[Function]}
                    >
                      <a
                        aria-current={null}
                        href="/ui/clusters/local/topics/__internal.topic"
                        onClick={[Function]}
                      >
                        Overview
                      </a>
                    </LinkAnchor>
                  </Link>
                </NavLink>
                <NavLink
                  activeClassName="is-active"
                  exact={true}
                  to="/ui/clusters/local/topics/__internal.topic/messages"
                >
                  <Link
                    aria-current={null}
                    to={
                      Object {
                        "hash": "",
                        "pathname": "/ui/clusters/local/topics/__internal.topic/messages",
                        "search": "",
                        "state": null,
                      }
                    }
                  >
                    <LinkAnchor
                      aria-current={null}
                      href="/ui/clusters/local/topics/__internal.topic/messages"
                      navigate={[Function]}
                    >
                      <a
                        aria-current={null}
                        href="/ui/clusters/local/topics/__internal.topic/messages"
                        onClick={[Function]}
                      >
                        Messages
                      </a>
                    </LinkAnchor>
                  </Link>
                </NavLink>
                <NavLink
                  activeClassName="is-active"
                  exact={true}
                  to="/ui/clusters/local/topics/__internal.topic/consumer-groups"
                >
                  <Link
                    aria-current={null}
                    to={
                      Object {
                        "hash": "",
                        "pathname": "/ui/clusters/local/topics/__internal.topic/consumer-groups",
                        "search": "",
                        "state": null,
                      }
                    }
                  >
                    <LinkAnchor
                      aria-current={null}
                      href="/ui/clusters/local/topics/__internal.topic/consumer-groups"
                      navigate={[Function]}
                    >
                      <a
                        aria-current={null}
                        href="/ui/clusters/local/topics/__internal.topic/consumer-groups"
                        onClick={[Function]}
                      >
                        Consumers
                      </a>
                    </LinkAnchor>
                  </Link>
                </NavLink>
                <NavLink
                  activeClassName="is-active"
                  exact={true}
                  to="/ui/clusters/local/topics/__internal.topic/settings"
                >
                  <Link
                    aria-current={null}
                    to={
                      Object {
                        "hash": "",
                        "pathname": "/ui/clusters/local/topics/__internal.topic/settings",
                        "search": "",
                        "state": null,
                      }
                    }
                  >
                    <LinkAnchor
                      aria-current={null}
                      href="/ui/clusters/local/topics/__internal.topic/settings"
                      navigate={[Function]}
                    >
                      <a
                        aria-current={null}
                        href="/ui/clusters/local/topics/__internal.topic/settings"
                        onClick={[Function]}
                      >
                        Settings
                      </a>
                    </LinkAnchor>
                  </Link>
                </NavLink>
              </nav>
            </styled.nav>
            <Switch />
          </div>
        </Details>
      </Router>
    </StaticRouter>
  </Provider>
</Component>
`;
