// Jest Snapshot v1, https://goo.gl/fbAQLP

exports[`KsqlDb Component KsqlDb matches snapshot 1`] = `
<StaticRouter
  context={Object {}}
  location={
    Object {
      "pathname": "ui/clusters/local/ksql-db",
    }
  }
>
  <Router
    history={
      Object {
        "action": "POP",
        "block": [Function],
        "createHref": [Function],
        "go": [Function],
        "goBack": [Function],
        "goForward": [Function],
        "listen": [Function],
        "location": Object {
          "hash": "",
          "pathname": "ui/clusters/local/ksql-db",
          "search": "",
        },
        "push": [Function],
        "replace": [Function],
      }
    }
    staticContext={Object {}}
  >
    <KsqlDb>
      <div
        className="section"
      >
        <Switch />
        <Switch />
      </div>
    </KsqlDb>
  </Router>
</StaticRouter>
`;
