// Jest Snapshot v1, https://goo.gl/fbAQLP

exports[`MessageContent component matches snapshot 1`] = `
<body>
  <div>
    <table>
      <tbody>
        <tr
          class="sc-gsTEea mhqOT"
        >
          <td
            colspan="5"
          >
            <div
              class="content-box content-wrapper"
            >
              <nav
                class="sc-bdfBQB kPaEqi"
              >
                <button
                  class=""
                  type="button"
                >
                  Key
                </button>
                <button
                  class="is-active"
                  type="button"
                >
                  Content
                </button>
                <button
                  class=""
                  type="button"
                >
                  Headers
                </button>
              </nav>
              <div
                class="json-viewer-wrapper"
              >
                <ul
                  style="border: 0px; padding: 0px; margin: 0.5em 0px 0.5em 0.125em; list-style: none; background-color: rgb(253, 255, 255);"
                >
                  <li
                    style="padding: 0px; margin: 0px;"
                  >
                    <ul
                      style="padding: 0px; margin: 0px; list-style: none;"
                    >
                      <li
                        style="padding-top: 0.25em; padding-right: 0px; margin-left: 0.875em; word-wrap: break-word; padding-left: 1.25em; text-indent: -0.5em; word-break: break-all;"
                      >
                        <label
                          style="display: inline-block; color: rgb(255, 83, 83); margin: 0px 0.5em 0px 0px;"
                        >
                          <span>
                            data
                            :
                          </span>
                        </label>
                        <span
                          style="color: rgb(36, 158, 77);"
                        >
                          "test"
                        </span>
                      </li>
                    </ul>
                  </li>
                </ul>
              </div>
            </div>
          </td>
          <td
            colspan="2"
          >
            <div
              class="content-box metadata-wrapper"
            >
              <span
                class="metadata"
              >
                <p
                  class="metadata-label"
                >
                  Timestamp
                </p>
                <span>
                  <p
                    class="metadata-value"
                  >
                    Thu, 01 Jan 1970 00:00:00 GMT
                  </p>
                  <p
                    class="metadata-meta"
                  >
                    Timestamp type: 
                    CREATE_TIME
                  </p>
                </span>
              </span>
              <span
                class="metadata"
              >
                <p
                  class="metadata-label"
                >
                  Content
                </p>
                <span>
                  <p
                    class="metadata-value"
                  >
                    JSON
                  </p>
                  <p
                    class="metadata-meta"
                  >
                    Size: 
                    <span>
                      16Bytes
                    </span>
                  </p>
                </span>
              </span>
              <span
                class="metadata"
              >
                <p
                  class="metadata-label"
                >
                  Key
                </p>
                <span>
                  <p
                    class="metadata-value"
                  >
                    Text
                  </p>
                  <p
                    class="metadata-meta"
                  >
                    Size: 
                    <span>
                      10Bytes
                    </span>
                  </p>
                </span>
              </span>
            </div>
          </td>
        </tr>
      </tbody>
    </table>
  </div>
</body>
`;
